{
  "id": "tabletApp",
  "tid": 1,
  "interface": "TabletApp",
  "name": "ConfirmAgeEntered",
  "args": []
}
{
  "id": "tabletApp",
  "tid": 2,
  "interface": "TabletApp",
  "name": "ConfirmHighRiskConditionsEntered",
  "args": []
}
{
  "id": "tabletApp",
  "tid": 3,
  "interface": "TabletApp",
  "name": "Instruct",
  "args": [
    "Obtain Measurements"
  ]
}
{
  "id": "datastore",
  "tid": 4,
  "interface": "Datastore",
  "name": "Obtain",
  "args": [
    "hr"
  ]
}
{
  "id": "datastore",
  "tid": 5,
  "interface": "Datastore",
  "name": "Obtain",
  "args": [
    "bpSys"
  ]
}
{
  "id": "datastore",
  "tid": 6,
  "interface": "Datastore",
  "name": "Obtain",
  "args": [
    "temp"
  ]
}
{
  "id": "datastore",
  "tid": 7,
  "interface": "Datastore",
  "name": "Obtain",
  "args": [
    "pulseQuality"
  ]
}
{
  "id": "datastore",
  "tid": 8,
  "interface": "Datastore",
  "name": "Obtain",
  "args": [
    "mentalStatus"
  ]
}
{
  "id": "datastore",
  "tid": 9,
  "interface": "Datastore",
  "name": "Obtain",
  "args": [
    "capillaryRefill"
  ]
}
{
  "id": "datastore",
  "tid": 10,
  "interface": "Datastore",
  "name": "Obtain",
  "args": [
    "skinColor"
  ]
}
{
  "id": "datastore",
  "tid": 11,
  "interface": "Datastore",
  "name": "Obtain",
  "args": [
    "highRiskConditions"
  ]
}
{
  "id": "tabletApp",
  "tid": 12,
  "interface": "TabletApp",
  "name": "DisplayDiagnosis",
  "args": [
    true
  ]
}
