{
  "id": "tabletApp",
  "tid": 1,
  "interface": "TabletApp",
  "name": "ConfirmAgeEntered",
  "args": []
}
{
  "id": "tabletApp",
  "tid": 2,
  "interface": "TabletApp",
  "name": "ConfirmHighRiskConditionsEntered",
  "args": []
}
{
  "id": "tabletApp",
  "tid": 3,
  "interface": "TabletApp",
  "name": "Instruct",
  "args": [
    "Obtain Measurements"
  ]
}
